Inno Setup 6 Command-Line Compiler
Copyright (C) 1997-2026 Jordan Russell. All rights reserved.
Portions Copyright (C) 2000-2026 Martijn Laan. All rights reserved.
Portions Copyright (C) 2001-2004 Alex Yackimoff. All rights reserved.
https://www.innosetup.com

Compiler engine version: Inno Setup 6.7.3
Non-commercial use only

Preprocessing
   Reading file: C:\Users\DEMIR\AppData\Local\Programs\Inno Setup 6\ISPPBuiltins.iss
Parsing [Setup] section, line 7
Parsing [Setup] section, line 8
Parsing [Setup] section, line 9
Parsing [Setup] section, line 10
Parsing [Setup] section, line 11
Parsing [Setup] section, line 12
Parsing [Setup] section, line 13
Parsing [Setup] section, line 14
Parsing [Setup] section, line 15
Parsing [Setup] section, line 16
Parsing [Setup] section, line 17
Parsing [Setup] section, line 18
Parsing [Setup] section, line 19
Parsing [Setup] section, line 20
Parsing [Setup] section, line 21
Parsing [Setup] section, line 22
Parsing [Setup] section, line 23
Parsing [Setup] section, line 24
Parsing [Setup] section, line 25
Parsing [Setup] section, line 26
Parsing [Setup] section, line 27
Parsing [Setup] section, line 28
Parsing [Setup] section, line 29
Parsing [Setup] section, line 30
Parsing [Setup] section, line 31
Parsing [Setup] section, line 32
Parsing [Setup] section, line 35
Creating output directory: C:\Users\DEMIR\Downloads\TOR-POS-R75.1-Application-Namespace-Hotfix\TOR-POS-R75.1-Application-Namespace-Hotfix\Desktop\installer-output
Reading file (LicenseFile)
Reading file (WizardImageFile)
Reading file (WizardSmallImageFile)
Preparing Setup program executable
   Verification successful
   Updating icons (Setup.e32)
   Updating version info (Setup.e32)
Determining language code pages
Parsing [Languages] section, line 38
   Reading file: C:\Users\DEMIR\AppData\Local\Programs\Inno Setup 6\Languages\German.isl
   Messages in script file
Reading default messages from Default.isl
Parsing [Languages] section, line 38
   Reading file: C:\Users\DEMIR\AppData\Local\Programs\Inno Setup 6\Languages\German.isl
Parsing [LangOptions], [Messages], and [CustomMessages] sections
   Messages in script file
Reading [Code] section
Parsing [Icons] section, line 47
Parsing [Icons] section, line 48
Parsing [InstallDelete] section, line 53
Parsing [InstallDelete] section, line 54
Parsing [InstallDelete] section, line 55
Parsing [InstallDelete] section, line 56
Parsing [InstallDelete] section, line 57
Parsing [InstallDelete] section, line 58
Parsing [InstallDelete] section, line 59
Parsing [InstallDelete] section, line 60
Parsing [InstallDelete] section, line 61
Parsing [Run] section, line 64
Parsing [Files] section, line 41
Compiling [Code] section
Creating setup files
   Verification successful
   Updating icons (Setup.exe)
   Compressing: C:\Users\DEMIR\Downloads\TOR-POS-R75.1-Application-Namespace-Hotfix\TOR-POS-R75.1-Application-Namespace-Hotfix\Desktop\publish\win-x64\Avalonia.Base.dll
   Compressing: C:\Users\DEMIR\Downloads\TOR-POS-R75.1-Application-Namespace-Hotfix\TOR-POS-R75.1-Application-Namespace-Hotfix\Desktop\publish\win-x64\Avalonia.Controls.dll
   Compressing: C:\Users\DEMIR\Downloads\TOR-POS-R75.1-Application-Namespace-Hotfix\TOR-POS-R75.1-Application-Namespace-Hotfix\Desktop\publish\win-x64\Avalonia.DesignerSupport.dll
   Compressing: C:\Users\DEMIR\Downloads\TOR-POS-R75.1-Application-Namespace-Hotfix\TOR-POS-R75.1-Application-Namespace-Hotfix\Desktop\publish\win-x64\Avalonia.Desktop.dll
   Compressing: C:\Users\DEMIR\Downloads\TOR-POS-R75.1-Application-Namespace-Hotfix\TOR-POS-R75.1-Application-Namespace-Hotfix\Desktop\publish\win-x64\Avalonia.Dialogs.dll
   Compressing: C:\Users\DEMIR\Downloads\TOR-POS-R75.1-Application-Namespace-Hotfix\TOR-POS-R75.1-Application-Namespace-Hotfix\Desktop\publish\win-x64\Avalonia.dll
   Compressing: C:\Users\DEMIR\Downloads\TOR-POS-R75.1-Application-Namespace-Hotfix\TOR-POS-R75.1-Application-Namespace-Hotfix\Desktop\publish\win-x64\Avalonia.FreeDesktop.AtSpi.dll
   Compressing: C:\Users\DEMIR\Downloads\TOR-POS-R75.1-Application-Namespace-Hotfix\TOR-POS-R75.1-Application-Namespace-Hotfix\Desktop\publish\win-x64\Avalonia.FreeDesktop.dll
   Compressing: C:\Users\DEMIR\Downloads\TOR-POS-R75.1-Application-Namespace-Hotfix\TOR-POS-R75.1-Application-Namespace-Hotfix\Desktop\publish\win-x64\Avalonia.HarfBuzz.dll
   Compressing: C:\Users\DEMIR\Downloads\TOR-POS-R75.1-Application-Namespace-Hotfix\TOR-POS-R75.1-Application-Namespace-Hotfix\Desktop\publish\win-x64\Avalonia.Markup.dll
   Compressing: C:\Users\DEMIR\Downloads\TOR-POS-R75.1-Application-Namespace-Hotfix\TOR-POS-R75.1-Application-Namespace-Hotfix\Desktop\publish\win-x64\Avalonia.Markup.Xaml.dll
   Compressing: C:\Users\DEMIR\Downloads\TOR-POS-R75.1-Application-Namespace-Hotfix\TOR-POS-R75.1-Application-Namespace-Hotfix\Desktop\publish\win-x64\Avalonia.Metal.dll
   Compressing: C:\Users\DEMIR\Downloads\TOR-POS-R75.1-Application-Namespace-Hotfix\TOR-POS-R75.1-Application-Namespace-Hotfix\Desktop\publish\win-x64\Avalonia.MicroCom.dll
   Compressing: C:\Users\DEMIR\Downloads\TOR-POS-R75.1-Application-Namespace-Hotfix\TOR-POS-R75.1-Application-Namespace-Hotfix\Desktop\publish\win-x64\Avalonia.Native.dll
   Compressing: C:\Users\DEMIR\Downloads\TOR-POS-R75.1-Application-Namespace-Hotfix\TOR-POS-R75.1-Application-Namespace-Hotfix\Desktop\publish\win-x64\Avalonia.OpenGL.dll
   Compressing: C:\Users\DEMIR\Downloads\TOR-POS-R75.1-Application-Namespace-Hotfix\TOR-POS-R75.1-Application-Namespace-Hotfix\Desktop\publish\win-x64\Avalonia.Remote.Protocol.dll
   Compressing: C:\Users\DEMIR\Downloads\TOR-POS-R75.1-Application-Namespace-Hotfix\TOR-POS-R75.1-Application-Namespace-Hotfix\Desktop\publish\win-x64\Avalonia.Skia.dll
   Compressing: C:\Users\DEMIR\Downloads\TOR-POS-R75.1-Application-Namespace-Hotfix\TOR-POS-R75.1-Application-Namespace-Hotfix\Desktop\publish\win-x64\Avalonia.Themes.Fluent.dll
   Compressing: C:\Users\DEMIR\Downloads\TOR-POS-R75.1-Application-Namespace-Hotfix\TOR-POS-R75.1-Application-Namespace-Hotfix\Desktop\publish\win-x64\Avalonia.Vulkan.dll
   Compressing: C:\Users\DEMIR\Downloads\TOR-POS-R75.1-Application-Namespace-Hotfix\TOR-POS-R75.1-Application-Namespace-Hotfix\Desktop\publish\win-x64\Avalonia.Win32.Automation.dll
   Compressing: C:\Users\DEMIR\Downloads\TOR-POS-R75.1-Application-Namespace-Hotfix\TOR-POS-R75.1-Application-Namespace-Hotfix\Desktop\publish\win-x64\Avalonia.Win32.dll
   Compressing: C:\Users\DEMIR\Downloads\TOR-POS-R75.1-Application-Namespace-Hotfix\TOR-POS-R75.1-Application-Namespace-Hotfix\Desktop\publish\win-x64\Avalonia.X11.dll
   Compressing: C:\Users\DEMIR\Downloads\TOR-POS-R75.1-Application-Namespace-Hotfix\TOR-POS-R75.1-Application-Namespace-Hotfix\Desktop\publish\win-x64\av_libglesv2.dll
   Compressing: C:\Users\DEMIR\Downloads\TOR-POS-R75.1-Application-Namespace-Hotfix\TOR-POS-R75.1-Application-Namespace-Hotfix\Desktop\publish\win-x64\clretwrc.dll
   Compressing: C:\Users\DEMIR\Downloads\TOR-POS-R75.1-Application-Namespace-Hotfix\TOR-POS-R75.1-Application-Namespace-Hotfix\Desktop\publish\win-x64\clrgc.dll
   Compressing: C:\Users\DEMIR\Downloads\TOR-POS-R75.1-Application-Namespace-Hotfix\TOR-POS-R75.1-Application-Namespace-Hotfix\Desktop\publish\win-x64\clrgcexp.dll
   Compressing: C:\Users\DEMIR\Downloads\TOR-POS-R75.1-Application-Namespace-Hotfix\TOR-POS-R75.1-Application-Namespace-Hotfix\Desktop\publish\win-x64\clrjit.dll
   Compressing: C:\Users\DEMIR\Downloads\TOR-POS-R75.1-Application-Namespace-Hotfix\TOR-POS-R75.1-Application-Namespace-Hotfix\Desktop\publish\win-x64\coreclr.dll
   Compressing: C:\Users\DEMIR\Downloads\TOR-POS-R75.1-Application-Namespace-Hotfix\TOR-POS-R75.1-Application-Namespace-Hotfix\Desktop\publish\win-x64\createdump.exe
   Compressing: C:\Users\DEMIR\Downloads\TOR-POS-R75.1-Application-Namespace-Hotfix\TOR-POS-R75.1-Application-Namespace-Hotfix\Desktop\publish\win-x64\e_sqlite3.dll
   Compressing: C:\Users\DEMIR\Downloads\TOR-POS-R75.1-Application-Namespace-Hotfix\TOR-POS-R75.1-Application-Namespace-Hotfix\Desktop\publish\win-x64\HarfBuzzSharp.dll
   Compressing: C:\Users\DEMIR\Downloads\TOR-POS-R75.1-Application-Namespace-Hotfix\TOR-POS-R75.1-Application-Namespace-Hotfix\Desktop\publish\win-x64\hostfxr.dll
   Compressing: C:\Users\DEMIR\Downloads\TOR-POS-R75.1-Application-Namespace-Hotfix\TOR-POS-R75.1-Application-Namespace-Hotfix\Desktop\publish\win-x64\hostpolicy.dll
   Compressing: C:\Users\DEMIR\Downloads\TOR-POS-R75.1-Application-Namespace-Hotfix\TOR-POS-R75.1-Application-Namespace-Hotfix\Desktop\publish\win-x64\libHarfBuzzSharp.dll
   Compressing: C:\Users\DEMIR\Downloads\TOR-POS-R75.1-Application-Namespace-Hotfix\TOR-POS-R75.1-Application-Namespace-Hotfix\Desktop\publish\win-x64\libSkiaSharp.dll
   Compressing: C:\Users\DEMIR\Downloads\TOR-POS-R75.1-Application-Namespace-Hotfix\TOR-POS-R75.1-Application-Namespace-Hotfix\Desktop\publish\win-x64\MicroCom.Runtime.dll
   Compressing: C:\Users\DEMIR\Downloads\TOR-POS-R75.1-Application-Namespace-Hotfix\TOR-POS-R75.1-Application-Namespace-Hotfix\Desktop\publish\win-x64\Microsoft.CSharp.dll
   Compressing: C:\Users\DEMIR\Downloads\TOR-POS-R75.1-Application-Namespace-Hotfix\TOR-POS-R75.1-Application-Namespace-Hotfix\Desktop\publish\win-x64\Microsoft.Data.Sqlite.dll
   Compressing: C:\Users\DEMIR\Downloads\TOR-POS-R75.1-Application-Namespace-Hotfix\TOR-POS-R75.1-Application-Namespace-Hotfix\Desktop\publish\win-x64\Microsoft.DiaSymReader.Native.amd64.dll
   Compressing: C:\Users\DEMIR\Downloads\TOR-POS-R75.1-Application-Namespace-Hotfix\TOR-POS-R75.1-Application-Namespace-Hotfix\Desktop\publish\win-x64\Microsoft.Extensions.DependencyInjection.Abstractions.dll
   Compressing: C:\Users\DEMIR\Downloads\TOR-POS-R75.1-Application-Namespace-Hotfix\TOR-POS-R75.1-Application-Namespace-Hotfix\Desktop\publish\win-x64\Microsoft.Extensions.DependencyInjection.dll
   Compressing: C:\Users\DEMIR\Downloads\TOR-POS-R75.1-Application-Namespace-Hotfix\TOR-POS-R75.1-Application-Namespace-Hotfix\Desktop\publish\win-x64\Microsoft.Extensions.Logging.Abstractions.dll
   Compressing: C:\Users\DEMIR\Downloads\TOR-POS-R75.1-Application-Namespace-Hotfix\TOR-POS-R75.1-Application-Namespace-Hotfix\Desktop\publish\win-x64\Microsoft.VisualBasic.Core.dll
   Compressing: C:\Users\DEMIR\Downloads\TOR-POS-R75.1-Application-Namespace-Hotfix\TOR-POS-R75.1-Application-Namespace-Hotfix\Desktop\publish\win-x64\Microsoft.VisualBasic.dll
   Compressing: C:\Users\DEMIR\Downloads\TOR-POS-R75.1-Application-Namespace-Hotfix\TOR-POS-R75.1-Application-Namespace-Hotfix\Desktop\publish\win-x64\Microsoft.Win32.Primitives.dll
   Compressing: C:\Users\DEMIR\Downloads\TOR-POS-R75.1-Application-Namespace-Hotfix\TOR-POS-R75.1-Application-Namespace-Hotfix\Desktop\publish\win-x64\Microsoft.Win32.Registry.dll
   Compressing: C:\Users\DEMIR\Downloads\TOR-POS-R75.1-Application-Namespace-Hotfix\TOR-POS-R75.1-Application-Namespace-Hotfix\Desktop\publish\win-x64\Microsoft.Win32.SystemEvents.dll
   Compressing: C:\Users\DEMIR\Downloads\TOR-POS-R75.1-Application-Namespace-Hotfix\TOR-POS-R75.1-Application-Namespace-Hotfix\Desktop\publish\win-x64\mscordaccore.dll
   Compressing: C:\Users\DEMIR\Downloads\TOR-POS-R75.1-Application-Namespace-Hotfix\TOR-POS-R75.1-Application-Namespace-Hotfix\Desktop\publish\win-x64\mscordaccore_amd64_amd64_10.0.1126.37416.dll
   Compressing: C:\Users\DEMIR\Downloads\TOR-POS-R75.1-Application-Namespace-Hotfix\TOR-POS-R75.1-Application-Namespace-Hotfix\Desktop\publish\win-x64\mscordbi.dll
   Compressing: C:\Users\DEMIR\Downloads\TOR-POS-R75.1-Application-Namespace-Hotfix\TOR-POS-R75.1-Application-Namespace-Hotfix\Desktop\publish\win-x64\mscorlib.dll
   Compressing: C:\Users\DEMIR\Downloads\TOR-POS-R75.1-Application-Namespace-Hotfix\TOR-POS-R75.1-Application-Namespace-Hotfix\Desktop\publish\win-x64\mscorrc.dll
   Compressing: C:\Users\DEMIR\Downloads\TOR-POS-R75.1-Application-Namespace-Hotfix\TOR-POS-R75.1-Application-Namespace-Hotfix\Desktop\publish\win-x64\msquic.dll
   Compressing: C:\Users\DEMIR\Downloads\TOR-POS-R75.1-Application-Namespace-Hotfix\TOR-POS-R75.1-Application-Namespace-Hotfix\Desktop\publish\win-x64\Nager.TcpClient.dll
   Compressing: C:\Users\DEMIR\Downloads\TOR-POS-R75.1-Application-Namespace-Hotfix\TOR-POS-R75.1-Application-Namespace-Hotfix\Desktop\publish\win-x64\netstandard.dll
   Compressing: C:\Users\DEMIR\Downloads\TOR-POS-R75.1-Application-Namespace-Hotfix\TOR-POS-R75.1-Application-Namespace-Hotfix\Desktop\publish\win-x64\Portalum.Zvt.dll
   Compressing: C:\Users\DEMIR\Downloads\TOR-POS-R75.1-Application-Namespace-Hotfix\TOR-POS-R75.1-Application-Namespace-Hotfix\Desktop\publish\win-x64\QRCoder.dll
   Compressing: C:\Users\DEMIR\Downloads\TOR-POS-R75.1-Application-Namespace-Hotfix\TOR-POS-R75.1-Application-Namespace-Hotfix\Desktop\publish\win-x64\SkiaSharp.dll
   Compressing: C:\Users\DEMIR\Downloads\TOR-POS-R75.1-Application-Namespace-Hotfix\TOR-POS-R75.1-Application-Namespace-Hotfix\Desktop\publish\win-x64\SQLitePCLRaw.batteries_v2.dll
   Compressing: C:\Users\DEMIR\Downloads\TOR-POS-R75.1-Application-Namespace-Hotfix\TOR-POS-R75.1-Application-Namespace-Hotfix\Desktop\publish\win-x64\SQLitePCLRaw.core.dll
   Compressing: C:\Users\DEMIR\Downloads\TOR-POS-R75.1-Application-Namespace-Hotfix\TOR-POS-R75.1-Application-Namespace-Hotfix\Desktop\publish\win-x64\SQLitePCLRaw.provider.e_sqlite3.dll
   Compressing: C:\Users\DEMIR\Downloads\TOR-POS-R75.1-Application-Namespace-Hotfix\TOR-POS-R75.1-Application-Namespace-Hotfix\Desktop\publish\win-x64\System.AppContext.dll
   Compressing: C:\Users\DEMIR\Downloads\TOR-POS-R75.1-Application-Namespace-Hotfix\TOR-POS-R75.1-Application-Namespace-Hotfix\Desktop\publish\win-x64\System.Buffers.dll
   Compressing: C:\Users\DEMIR\Downloads\TOR-POS-R75.1-Application-Namespace-Hotfix\TOR-POS-R75.1-Application-Namespace-Hotfix\Desktop\publish\win-x64\System.Collections.Concurrent.dll
   Compressing: C:\Users\DEMIR\Downloads\TOR-POS-R75.1-Application-Namespace-Hotfix\TOR-POS-R75.1-Application-Namespace-Hotfix\Desktop\publish\win-x64\System.Collections.dll
   Compressing: C:\Users\DEMIR\Downloads\TOR-POS-R75.1-Application-Namespace-Hotfix\TOR-POS-R75.1-Application-Namespace-Hotfix\Desktop\publish\win-x64\System.Collections.Immutable.dll
   Compressing: C:\Users\DEMIR\Downloads\TOR-POS-R75.1-Application-Namespace-Hotfix\TOR-POS-R75.1-Application-Namespace-Hotfix\Desktop\publish\win-x64\System.Collections.NonGeneric.dll
   Compressing: C:\Users\DEMIR\Downloads\TOR-POS-R75.1-Application-Namespace-Hotfix\TOR-POS-R75.1-Application-Namespace-Hotfix\Desktop\publish\win-x64\System.Collections.Specialized.dll
   Compressing: C:\Users\DEMIR\Downloads\TOR-POS-R75.1-Application-Namespace-Hotfix\TOR-POS-R75.1-Application-Namespace-Hotfix\Desktop\publish\win-x64\System.ComponentModel.Annotations.dll
   Compressing: C:\Users\DEMIR\Downloads\TOR-POS-R75.1-Application-Namespace-Hotfix\TOR-POS-R75.1-Application-Namespace-Hotfix\Desktop\publish\win-x64\System.ComponentModel.DataAnnotations.dll
   Compressing: C:\Users\DEMIR\Downloads\TOR-POS-R75.1-Application-Namespace-Hotfix\TOR-POS-R75.1-Application-Namespace-Hotfix\Desktop\publish\win-x64\System.ComponentModel.dll
   Compressing: C:\Users\DEMIR\Downloads\TOR-POS-R75.1-Application-Namespace-Hotfix\TOR-POS-R75.1-Application-Namespace-Hotfix\Desktop\publish\win-x64\System.ComponentModel.EventBasedAsync.dll
   Compressing: C:\Users\DEMIR\Downloads\TOR-POS-R75.1-Application-Namespace-Hotfix\TOR-POS-R75.1-Application-Namespace-Hotfix\Desktop\publish\win-x64\System.ComponentModel.Primitives.dll
   Compressing: C:\Users\DEMIR\Downloads\TOR-POS-R75.1-Application-Namespace-Hotfix\TOR-POS-R75.1-Application-Namespace-Hotfix\Desktop\publish\win-x64\System.ComponentModel.TypeConverter.dll
   Compressing: C:\Users\DEMIR\Downloads\TOR-POS-R75.1-Application-Namespace-Hotfix\TOR-POS-R75.1-Application-Namespace-Hotfix\Desktop\publish\win-x64\System.Configuration.dll
   Compressing: C:\Users\DEMIR\Downloads\TOR-POS-R75.1-Application-Namespace-Hotfix\TOR-POS-R75.1-Application-Namespace-Hotfix\Desktop\publish\win-x64\System.Console.dll
   Compressing: C:\Users\DEMIR\Downloads\TOR-POS-R75.1-Application-Namespace-Hotfix\TOR-POS-R75.1-Application-Namespace-Hotfix\Desktop\publish\win-x64\System.Core.dll
   Compressing: C:\Users\DEMIR\Downloads\TOR-POS-R75.1-Application-Namespace-Hotfix\TOR-POS-R75.1-Application-Namespace-Hotfix\Desktop\publish\win-x64\System.Data.Common.dll
   Compressing: C:\Users\DEMIR\Downloads\TOR-POS-R75.1-Application-Namespace-Hotfix\TOR-POS-R75.1-Application-Namespace-Hotfix\Desktop\publish\win-x64\System.Data.DataSetExtensions.dll
   Compressing: C:\Users\DEMIR\Downloads\TOR-POS-R75.1-Application-Namespace-Hotfix\TOR-POS-R75.1-Application-Namespace-Hotfix\Desktop\publish\win-x64\System.Data.dll
   Compressing: C:\Users\DEMIR\Downloads\TOR-POS-R75.1-Application-Namespace-Hotfix\TOR-POS-R75.1-Application-Namespace-Hotfix\Desktop\publish\win-x64\System.Diagnostics.Contracts.dll
   Compressing: C:\Users\DEMIR\Downloads\TOR-POS-R75.1-Application-Namespace-Hotfix\TOR-POS-R75.1-Application-Namespace-Hotfix\Desktop\publish\win-x64\System.Diagnostics.Debug.dll
   Compressing: C:\Users\DEMIR\Downloads\TOR-POS-R75.1-Application-Namespace-Hotfix\TOR-POS-R75.1-Application-Namespace-Hotfix\Desktop\publish\win-x64\System.Diagnostics.DiagnosticSource.dll
   Compressing: C:\Users\DEMIR\Downloads\TOR-POS-R75.1-Application-Namespace-Hotfix\TOR-POS-R75.1-Application-Namespace-Hotfix\Desktop\publish\win-x64\System.Diagnostics.FileVersionInfo.dll
   Compressing: C:\Users\DEMIR\Downloads\TOR-POS-R75.1-Application-Namespace-Hotfix\TOR-POS-R75.1-Application-Namespace-Hotfix\Desktop\publish\win-x64\System.Diagnostics.Process.dll
   Compressing: C:\Users\DEMIR\Downloads\TOR-POS-R75.1-Application-Namespace-Hotfix\TOR-POS-R75.1-Application-Namespace-Hotfix\Desktop\publish\win-x64\System.Diagnostics.StackTrace.dll
   Compressing: C:\Users\DEMIR\Downloads\TOR-POS-R75.1-Application-Namespace-Hotfix\TOR-POS-R75.1-Application-Namespace-Hotfix\Desktop\publish\win-x64\System.Diagnostics.TextWriterTraceListener.dll
   Compressing: C:\Users\DEMIR\Downloads\TOR-POS-R75.1-Application-Namespace-Hotfix\TOR-POS-R75.1-Application-Namespace-Hotfix\Desktop\publish\win-x64\System.Diagnostics.Tools.dll
   Compressing: C:\Users\DEMIR\Downloads\TOR-POS-R75.1-Application-Namespace-Hotfix\TOR-POS-R75.1-Application-Namespace-Hotfix\Desktop\publish\win-x64\System.Diagnostics.TraceSource.dll
   Compressing: C:\Users\DEMIR\Downloads\TOR-POS-R75.1-Application-Namespace-Hotfix\TOR-POS-R75.1-Application-Namespace-Hotfix\Desktop\publish\win-x64\System.Diagnostics.Tracing.dll
   Compressing: C:\Users\DEMIR\Downloads\TOR-POS-R75.1-Application-Namespace-Hotfix\TOR-POS-R75.1-Application-Namespace-Hotfix\Desktop\publish\win-x64\System.dll
   Compressing: C:\Users\DEMIR\Downloads\TOR-POS-R75.1-Application-Namespace-Hotfix\TOR-POS-R75.1-Application-Namespace-Hotfix\Desktop\publish\win-x64\System.Drawing.Common.dll
   Compressing: C:\Users\DEMIR\Downloads\TOR-POS-R75.1-Application-Namespace-Hotfix\TOR-POS-R75.1-Application-Namespace-Hotfix\Desktop\publish\win-x64\System.Drawing.dll
   Compressing: C:\Users\DEMIR\Downloads\TOR-POS-R75.1-Application-Namespace-Hotfix\TOR-POS-R75.1-Application-Namespace-Hotfix\Desktop\publish\win-x64\System.Drawing.Primitives.dll
   Compressing: C:\Users\DEMIR\Downloads\TOR-POS-R75.1-Application-Namespace-Hotfix\TOR-POS-R75.1-Application-Namespace-Hotfix\Desktop\publish\win-x64\System.Dynamic.Runtime.dll
   Compressing: C:\Users\DEMIR\Downloads\TOR-POS-R75.1-Application-Namespace-Hotfix\TOR-POS-R75.1-Application-Namespace-Hotfix\Desktop\publish\win-x64\System.Formats.Asn1.dll
   Compressing: C:\Users\DEMIR\Downloads\TOR-POS-R75.1-Application-Namespace-Hotfix\TOR-POS-R75.1-Application-Namespace-Hotfix\Desktop\publish\win-x64\System.Formats.Tar.dll
   Compressing: C:\Users\DEMIR\Downloads\TOR-POS-R75.1-Application-Namespace-Hotfix\TOR-POS-R75.1-Application-Namespace-Hotfix\Desktop\publish\win-x64\System.Globalization.Calendars.dll
   Compressing: C:\Users\DEMIR\Downloads\TOR-POS-R75.1-Application-Namespace-Hotfix\TOR-POS-R75.1-Application-Namespace-Hotfix\Desktop\publish\win-x64\System.Globalization.dll
   Compressing: C:\Users\DEMIR\Downloads\TOR-POS-R75.1-Application-Namespace-Hotfix\TOR-POS-R75.1-Application-Namespace-Hotfix\Desktop\publish\win-x64\System.Globalization.Extensions.dll
   Compressing: C:\Users\DEMIR\Downloads\TOR-POS-R75.1-Application-Namespace-Hotfix\TOR-POS-R75.1-Application-Namespace-Hotfix\Desktop\publish\win-x64\System.IO.Compression.Brotli.dll
   Compressing: C:\Users\DEMIR\Downloads\TOR-POS-R75.1-Application-Namespace-Hotfix\TOR-POS-R75.1-Application-Namespace-Hotfix\Desktop\publish\win-x64\System.IO.Compression.dll
   Compressing: C:\Users\DEMIR\Downloads\TOR-POS-R75.1-Application-Namespace-Hotfix\TOR-POS-R75.1-Application-Namespace-Hotfix\Desktop\publish\win-x64\System.IO.Compression.FileSystem.dll
   Compressing: C:\Users\DEMIR\Downloads\TOR-POS-R75.1-Application-Namespace-Hotfix\TOR-POS-R75.1-Application-Namespace-Hotfix\Desktop\publish\win-x64\System.IO.Compression.Native.dll
   Compressing: C:\Users\DEMIR\Downloads\TOR-POS-R75.1-Application-Namespace-Hotfix\TOR-POS-R75.1-Application-Namespace-Hotfix\Desktop\publish\win-x64\System.IO.Compression.ZipFile.dll
   Compressing: C:\Users\DEMIR\Downloads\TOR-POS-R75.1-Application-Namespace-Hotfix\TOR-POS-R75.1-Application-Namespace-Hotfix\Desktop\publish\win-x64\System.IO.dll
   Compressing: C:\Users\DEMIR\Downloads\TOR-POS-R75.1-Application-Namespace-Hotfix\TOR-POS-R75.1-Application-Namespace-Hotfix\Desktop\publish\win-x64\System.IO.FileSystem.AccessControl.dll
   Compressing: C:\Users\DEMIR\Downloads\TOR-POS-R75.1-Application-Namespace-Hotfix\TOR-POS-R75.1-Application-Namespace-Hotfix\Desktop\publish\win-x64\System.IO.FileSystem.dll
   Compressing: C:\Users\DEMIR\Downloads\TOR-POS-R75.1-Application-Namespace-Hotfix\TOR-POS-R75.1-Application-Namespace-Hotfix\Desktop\publish\win-x64\System.IO.FileSystem.DriveInfo.dll
   Compressing: C:\Users\DEMIR\Downloads\TOR-POS-R75.1-Application-Namespace-Hotfix\TOR-POS-R75.1-Application-Namespace-Hotfix\Desktop\publish\win-x64\System.IO.FileSystem.Primitives.dll
   Compressing: C:\Users\DEMIR\Downloads\TOR-POS-R75.1-Application-Namespace-Hotfix\TOR-POS-R75.1-Application-Namespace-Hotfix\Desktop\publish\win-x64\System.IO.FileSystem.Watcher.dll
   Compressing: C:\Users\DEMIR\Downloads\TOR-POS-R75.1-Application-Namespace-Hotfix\TOR-POS-R75.1-Application-Namespace-Hotfix\Desktop\publish\win-x64\System.IO.IsolatedStorage.dll
   Compressing: C:\Users\DEMIR\Downloads\TOR-POS-R75.1-Application-Namespace-Hotfix\TOR-POS-R75.1-Application-Namespace-Hotfix\Desktop\publish\win-x64\System.IO.MemoryMappedFiles.dll
   Compressing: C:\Users\DEMIR\Downloads\TOR-POS-R75.1-Application-Namespace-Hotfix\TOR-POS-R75.1-Application-Namespace-Hotfix\Desktop\publish\win-x64\System.IO.Pipelines.dll
   Compressing: C:\Users\DEMIR\Downloads\TOR-POS-R75.1-Application-Namespace-Hotfix\TOR-POS-R75.1-Application-Namespace-Hotfix\Desktop\publish\win-x64\System.IO.Pipes.AccessControl.dll
   Compressing: C:\Users\DEMIR\Downloads\TOR-POS-R75.1-Application-Namespace-Hotfix\TOR-POS-R75.1-Application-Namespace-Hotfix\Desktop\publish\win-x64\System.IO.Pipes.dll
   Compressing: C:\Users\DEMIR\Downloads\TOR-POS-R75.1-Application-Namespace-Hotfix\TOR-POS-R75.1-Application-Namespace-Hotfix\Desktop\publish\win-x64\System.IO.Ports.dll
   Compressing: C:\Users\DEMIR\Downloads\TOR-POS-R75.1-Application-Namespace-Hotfix\TOR-POS-R75.1-Application-Namespace-Hotfix\Desktop\publish\win-x64\System.IO.UnmanagedMemoryStream.dll
   Compressing: C:\Users\DEMIR\Downloads\TOR-POS-R75.1-Application-Namespace-Hotfix\TOR-POS-R75.1-Application-Namespace-Hotfix\Desktop\publish\win-x64\System.Linq.AsyncEnumerable.dll
   Compressing: C:\Users\DEMIR\Downloads\TOR-POS-R75.1-Application-Namespace-Hotfix\TOR-POS-R75.1-Application-Namespace-Hotfix\Desktop\publish\win-x64\System.Linq.dll
   Compressing: C:\Users\DEMIR\Downloads\TOR-POS-R75.1-Application-Namespace-Hotfix\TOR-POS-R75.1-Application-Namespace-Hotfix\Desktop\publish\win-x64\System.Linq.Expressions.dll
   Compressing: C:\Users\DEMIR\Downloads\TOR-POS-R75.1-Application-Namespace-Hotfix\TOR-POS-R75.1-Application-Namespace-Hotfix\Desktop\publish\win-x64\System.Linq.Parallel.dll
   Compressing: C:\Users\DEMIR\Downloads\TOR-POS-R75.1-Application-Namespace-Hotfix\TOR-POS-R75.1-Application-Namespace-Hotfix\Desktop\publish\win-x64\System.Linq.Queryable.dll
   Compressing: C:\Users\DEMIR\Downloads\TOR-POS-R75.1-Application-Namespace-Hotfix\TOR-POS-R75.1-Application-Namespace-Hotfix\Desktop\publish\win-x64\System.Memory.dll
   Compressing: C:\Users\DEMIR\Downloads\TOR-POS-R75.1-Application-Namespace-Hotfix\TOR-POS-R75.1-Application-Namespace-Hotfix\Desktop\publish\win-x64\System.Net.dll
   Compressing: C:\Users\DEMIR\Downloads\TOR-POS-R75.1-Application-Namespace-Hotfix\TOR-POS-R75.1-Application-Namespace-Hotfix\Desktop\publish\win-x64\System.Net.Http.dll
   Compressing: C:\Users\DEMIR\Downloads\TOR-POS-R75.1-Application-Namespace-Hotfix\TOR-POS-R75.1-Application-Namespace-Hotfix\Desktop\publish\win-x64\System.Net.Http.Json.dll
   Compressing: C:\Users\DEMIR\Downloads\TOR-POS-R75.1-Application-Namespace-Hotfix\TOR-POS-R75.1-Application-Namespace-Hotfix\Desktop\publish\win-x64\System.Net.HttpListener.dll
   Compressing: C:\Users\DEMIR\Downloads\TOR-POS-R75.1-Application-Namespace-Hotfix\TOR-POS-R75.1-Application-Namespace-Hotfix\Desktop\publish\win-x64\System.Net.Mail.dll
   Compressing: C:\Users\DEMIR\Downloads\TOR-POS-R75.1-Application-Namespace-Hotfix\TOR-POS-R75.1-Application-Namespace-Hotfix\Desktop\publish\win-x64\System.Net.NameResolution.dll
   Compressing: C:\Users\DEMIR\Downloads\TOR-POS-R75.1-Application-Namespace-Hotfix\TOR-POS-R75.1-Application-Namespace-Hotfix\Desktop\publish\win-x64\System.Net.NetworkInformation.dll
   Compressing: C:\Users\DEMIR\Downloads\TOR-POS-R75.1-Application-Namespace-Hotfix\TOR-POS-R75.1-Application-Namespace-Hotfix\Desktop\publish\win-x64\System.Net.Ping.dll
   Compressing: C:\Users\DEMIR\Downloads\TOR-POS-R75.1-Application-Namespace-Hotfix\TOR-POS-R75.1-Application-Namespace-Hotfix\Desktop\publish\win-x64\System.Net.Primitives.dll
   Compressing: C:\Users\DEMIR\Downloads\TOR-POS-R75.1-Application-Namespace-Hotfix\TOR-POS-R75.1-Application-Namespace-Hotfix\Desktop\publish\win-x64\System.Net.Quic.dll
   Compressing: C:\Users\DEMIR\Downloads\TOR-POS-R75.1-Application-Namespace-Hotfix\TOR-POS-R75.1-Application-Namespace-Hotfix\Desktop\publish\win-x64\System.Net.Requests.dll
   Compressing: C:\Users\DEMIR\Downloads\TOR-POS-R75.1-Application-Namespace-Hotfix\TOR-POS-R75.1-Application-Namespace-Hotfix\Desktop\publish\win-x64\System.Net.Security.dll
   Compressing: C:\Users\DEMIR\Downloads\TOR-POS-R75.1-Application-Namespace-Hotfix\TOR-POS-R75.1-Application-Namespace-Hotfix\Desktop\publish\win-x64\System.Net.ServerSentEvents.dll
   Compressing: C:\Users\DEMIR\Downloads\TOR-POS-R75.1-Application-Namespace-Hotfix\TOR-POS-R75.1-Application-Namespace-Hotfix\Desktop\publish\win-x64\System.Net.ServicePoint.dll
   Compressing: C:\Users\DEMIR\Downloads\TOR-POS-R75.1-Application-Namespace-Hotfix\TOR-POS-R75.1-Application-Namespace-Hotfix\Desktop\publish\win-x64\System.Net.Sockets.dll
   Compressing: C:\Users\DEMIR\Downloads\TOR-POS-R75.1-Application-Namespace-Hotfix\TOR-POS-R75.1-Application-Namespace-Hotfix\Desktop\publish\win-x64\System.Net.WebClient.dll
   Compressing: C:\Users\DEMIR\Downloads\TOR-POS-R75.1-Application-Namespace-Hotfix\TOR-POS-R75.1-Application-Namespace-Hotfix\Desktop\publish\win-x64\System.Net.WebHeaderCollection.dll
   Compressing: C:\Users\DEMIR\Downloads\TOR-POS-R75.1-Application-Namespace-Hotfix\TOR-POS-R75.1-Application-Namespace-Hotfix\Desktop\publish\win-x64\System.Net.WebProxy.dll
   Compressing: C:\Users\DEMIR\Downloads\TOR-POS-R75.1-Application-Namespace-Hotfix\TOR-POS-R75.1-Application-Namespace-Hotfix\Desktop\publish\win-x64\System.Net.WebSockets.Client.dll
   Compressing: C:\Users\DEMIR\Downloads\TOR-POS-R75.1-Application-Namespace-Hotfix\TOR-POS-R75.1-Application-Namespace-Hotfix\Desktop\publish\win-x64\System.Net.WebSockets.dll
   Compressing: C:\Users\DEMIR\Downloads\TOR-POS-R75.1-Application-Namespace-Hotfix\TOR-POS-R75.1-Application-Namespace-Hotfix\Desktop\publish\win-x64\System.Numerics.dll
   Compressing: C:\Users\DEMIR\Downloads\TOR-POS-R75.1-Application-Namespace-Hotfix\TOR-POS-R75.1-Application-Namespace-Hotfix\Desktop\publish\win-x64\System.Numerics.Vectors.dll
   Compressing: C:\Users\DEMIR\Downloads\TOR-POS-R75.1-Application-Namespace-Hotfix\TOR-POS-R75.1-Application-Namespace-Hotfix\Desktop\publish\win-x64\System.ObjectModel.dll
   Compressing: C:\Users\DEMIR\Downloads\TOR-POS-R75.1-Application-Namespace-Hotfix\TOR-POS-R75.1-Application-Namespace-Hotfix\Desktop\publish\win-x64\System.Private.CoreLib.dll
   Compressing: C:\Users\DEMIR\Downloads\TOR-POS-R75.1-Application-Namespace-Hotfix\TOR-POS-R75.1-Application-Namespace-Hotfix\Desktop\publish\win-x64\System.Private.DataContractSerialization.dll
   Compressing: C:\Users\DEMIR\Downloads\TOR-POS-R75.1-Application-Namespace-Hotfix\TOR-POS-R75.1-Application-Namespace-Hotfix\Desktop\publish\win-x64\System.Private.Uri.dll
   Compressing: C:\Users\DEMIR\Downloads\TOR-POS-R75.1-Application-Namespace-Hotfix\TOR-POS-R75.1-Application-Namespace-Hotfix\Desktop\publish\win-x64\System.Private.Windows.Core.dll
   Compressing: C:\Users\DEMIR\Downloads\TOR-POS-R75.1-Application-Namespace-Hotfix\TOR-POS-R75.1-Application-Namespace-Hotfix\Desktop\publish\win-x64\System.Private.Windows.GdiPlus.dll
   Compressing: C:\Users\DEMIR\Downloads\TOR-POS-R75.1-Application-Namespace-Hotfix\TOR-POS-R75.1-Application-Namespace-Hotfix\Desktop\publish\win-x64\System.Private.Xml.dll
   Compressing: C:\Users\DEMIR\Downloads\TOR-POS-R75.1-Application-Namespace-Hotfix\TOR-POS-R75.1-Application-Namespace-Hotfix\Desktop\publish\win-x64\System.Private.Xml.Linq.dll
   Compressing: C:\Users\DEMIR\Downloads\TOR-POS-R75.1-Application-Namespace-Hotfix\TOR-POS-R75.1-Application-Namespace-Hotfix\Desktop\publish\win-x64\System.Reflection.DispatchProxy.dll
   Compressing: C:\Users\DEMIR\Downloads\TOR-POS-R75.1-Application-Namespace-Hotfix\TOR-POS-R75.1-Application-Namespace-Hotfix\Desktop\publish\win-x64\System.Reflection.dll
   Compressing: C:\Users\DEMIR\Downloads\TOR-POS-R75.1-Application-Namespace-Hotfix\TOR-POS-R75.1-Application-Namespace-Hotfix\Desktop\publish\win-x64\System.Reflection.Emit.dll
   Compressing: C:\Users\DEMIR\Downloads\TOR-POS-R75.1-Application-Namespace-Hotfix\TOR-POS-R75.1-Application-Namespace-Hotfix\Desktop\publish\win-x64\System.Reflection.Emit.ILGeneration.dll
   Compressing: C:\Users\DEMIR\Downloads\TOR-POS-R75.1-Application-Namespace-Hotfix\TOR-POS-R75.1-Application-Namespace-Hotfix\Desktop\publish\win-x64\System.Reflection.Emit.Lightweight.dll
   Compressing: C:\Users\DEMIR\Downloads\TOR-POS-R75.1-Application-Namespace-Hotfix\TOR-POS-R75.1-Application-Namespace-Hotfix\Desktop\publish\win-x64\System.Reflection.Extensions.dll
   Compressing: C:\Users\DEMIR\Downloads\TOR-POS-R75.1-Application-Namespace-Hotfix\TOR-POS-R75.1-Application-Namespace-Hotfix\Desktop\publish\win-x64\System.Reflection.Metadata.dll
   Compressing: C:\Users\DEMIR\Downloads\TOR-POS-R75.1-Application-Namespace-Hotfix\TOR-POS-R75.1-Application-Namespace-Hotfix\Desktop\publish\win-x64\System.Reflection.Primitives.dll
   Compressing: C:\Users\DEMIR\Downloads\TOR-POS-R75.1-Application-Namespace-Hotfix\TOR-POS-R75.1-Application-Namespace-Hotfix\Desktop\publish\win-x64\System.Reflection.TypeExtensions.dll
   Compressing: C:\Users\DEMIR\Downloads\TOR-POS-R75.1-Application-Namespace-Hotfix\TOR-POS-R75.1-Application-Namespace-Hotfix\Desktop\publish\win-x64\System.Resources.Reader.dll
   Compressing: C:\Users\DEMIR\Downloads\TOR-POS-R75.1-Application-Namespace-Hotfix\TOR-POS-R75.1-Application-Namespace-Hotfix\Desktop\publish\win-x64\System.Resources.ResourceManager.dll
   Compressing: C:\Users\DEMIR\Downloads\TOR-POS-R75.1-Application-Namespace-Hotfix\TOR-POS-R75.1-Application-Namespace-Hotfix\Desktop\publish\win-x64\System.Resources.Writer.dll
   Compressing: C:\Users\DEMIR\Downloads\TOR-POS-R75.1-Application-Namespace-Hotfix\TOR-POS-R75.1-Application-Namespace-Hotfix\Desktop\publish\win-x64\System.Runtime.CompilerServices.Unsafe.dll
   Compressing: C:\Users\DEMIR\Downloads\TOR-POS-R75.1-Application-Namespace-Hotfix\TOR-POS-R75.1-Application-Namespace-Hotfix\Desktop\publish\win-x64\System.Runtime.CompilerServices.VisualC.dll
   Compressing: C:\Users\DEMIR\Downloads\TOR-POS-R75.1-Application-Namespace-Hotfix\TOR-POS-R75.1-Application-Namespace-Hotfix\Desktop\publish\win-x64\System.Runtime.dll
   Compressing: C:\Users\DEMIR\Downloads\TOR-POS-R75.1-Application-Namespace-Hotfix\TOR-POS-R75.1-Application-Namespace-Hotfix\Desktop\publish\win-x64\System.Runtime.Extensions.dll
   Compressing: C:\Users\DEMIR\Downloads\TOR-POS-R75.1-Application-Namespace-Hotfix\TOR-POS-R75.1-Application-Namespace-Hotfix\Desktop\publish\win-x64\System.Runtime.Handles.dll
   Compressing: C:\Users\DEMIR\Downloads\TOR-POS-R75.1-Application-Namespace-Hotfix\TOR-POS-R75.1-Application-Namespace-Hotfix\Desktop\publish\win-x64\System.Runtime.InteropServices.dll
   Compressing: C:\Users\DEMIR\Downloads\TOR-POS-R75.1-Application-Namespace-Hotfix\TOR-POS-R75.1-Application-Namespace-Hotfix\Desktop\publish\win-x64\System.Runtime.InteropServices.JavaScript.dll
   Compressing: C:\Users\DEMIR\Downloads\TOR-POS-R75.1-Application-Namespace-Hotfix\TOR-POS-R75.1-Application-Namespace-Hotfix\Desktop\publish\win-x64\System.Runtime.InteropServices.RuntimeInformation.dll
   Compressing: C:\Users\DEMIR\Downloads\TOR-POS-R75.1-Application-Namespace-Hotfix\TOR-POS-R75.1-Application-Namespace-Hotfix\Desktop\publish\win-x64\System.Runtime.Intrinsics.dll
   Compressing: C:\Users\DEMIR\Downloads\TOR-POS-R75.1-Application-Namespace-Hotfix\TOR-POS-R75.1-Application-Namespace-Hotfix\Desktop\publish\win-x64\System.Runtime.Loader.dll
   Compressing: C:\Users\DEMIR\Downloads\TOR-POS-R75.1-Application-Namespace-Hotfix\TOR-POS-R75.1-Application-Namespace-Hotfix\Desktop\publish\win-x64\System.Runtime.Numerics.dll
   Compressing: C:\Users\DEMIR\Downloads\TOR-POS-R75.1-Application-Namespace-Hotfix\TOR-POS-R75.1-Application-Namespace-Hotfix\Desktop\publish\win-x64\System.Runtime.Serialization.dll
   Compressing: C:\Users\DEMIR\Downloads\TOR-POS-R75.1-Application-Namespace-Hotfix\TOR-POS-R75.1-Application-Namespace-Hotfix\Desktop\publish\win-x64\System.Runtime.Serialization.Formatters.dll
   Compressing: C:\Users\DEMIR\Downloads\TOR-POS-R75.1-Application-Namespace-Hotfix\TOR-POS-R75.1-Application-Namespace-Hotfix\Desktop\publish\win-x64\System.Runtime.Serialization.Json.dll
   Compressing: C:\Users\DEMIR\Downloads\TOR-POS-R75.1-Application-Namespace-Hotfix\TOR-POS-R75.1-Application-Namespace-Hotfix\Desktop\publish\win-x64\System.Runtime.Serialization.Primitives.dll
   Compressing: C:\Users\DEMIR\Downloads\TOR-POS-R75.1-Application-Namespace-Hotfix\TOR-POS-R75.1-Application-Namespace-Hotfix\Desktop\publish\win-x64\System.Runtime.Serialization.Xml.dll
   Compressing: C:\Users\DEMIR\Downloads\TOR-POS-R75.1-Application-Namespace-Hotfix\TOR-POS-R75.1-Application-Namespace-Hotfix\Desktop\publish\win-x64\System.Security.AccessControl.dll
   Compressing: C:\Users\DEMIR\Downloads\TOR-POS-R75.1-Application-Namespace-Hotfix\TOR-POS-R75.1-Application-Namespace-Hotfix\Desktop\publish\win-x64\System.Security.Claims.dll
   Compressing: C:\Users\DEMIR\Downloads\TOR-POS-R75.1-Application-Namespace-Hotfix\TOR-POS-R75.1-Application-Namespace-Hotfix\Desktop\publish\win-x64\System.Security.Cryptography.Algorithms.dll
   Compressing: C:\Users\DEMIR\Downloads\TOR-POS-R75.1-Application-Namespace-Hotfix\TOR-POS-R75.1-Application-Namespace-Hotfix\Desktop\publish\win-x64\System.Security.Cryptography.Cng.dll
   Compressing: C:\Users\DEMIR\Downloads\TOR-POS-R75.1-Application-Namespace-Hotfix\TOR-POS-R75.1-Application-Namespace-Hotfix\Desktop\publish\win-x64\System.Security.Cryptography.Csp.dll
   Compressing: C:\Users\DEMIR\Downloads\TOR-POS-R75.1-Application-Namespace-Hotfix\TOR-POS-R75.1-Application-Namespace-Hotfix\Desktop\publish\win-x64\System.Security.Cryptography.dll
   Compressing: C:\Users\DEMIR\Downloads\TOR-POS-R75.1-Application-Namespace-Hotfix\TOR-POS-R75.1-Application-Namespace-Hotfix\Desktop\publish\win-x64\System.Security.Cryptography.Encoding.dll
   Compressing: C:\Users\DEMIR\Downloads\TOR-POS-R75.1-Application-Namespace-Hotfix\TOR-POS-R75.1-Application-Namespace-Hotfix\Desktop\publish\win-x64\System.Security.Cryptography.OpenSsl.dll
   Compressing: C:\Users\DEMIR\Downloads\TOR-POS-R75.1-Application-Namespace-Hotfix\TOR-POS-R75.1-Application-Namespace-Hotfix\Desktop\publish\win-x64\System.Security.Cryptography.Primitives.dll
   Compressing: C:\Users\DEMIR\Downloads\TOR-POS-R75.1-Application-Namespace-Hotfix\TOR-POS-R75.1-Application-Namespace-Hotfix\Desktop\publish\win-x64\System.Security.Cryptography.ProtectedData.dll
   Compressing: C:\Users\DEMIR\Downloads\TOR-POS-R75.1-Application-Namespace-Hotfix\TOR-POS-R75.1-Application-Namespace-Hotfix\Desktop\publish\win-x64\System.Security.Cryptography.X509Certificates.dll
   Compressing: C:\Users\DEMIR\Downloads\TOR-POS-R75.1-Application-Namespace-Hotfix\TOR-POS-R75.1-Application-Namespace-Hotfix\Desktop\publish\win-x64\System.Security.dll
   Compressing: C:\Users\DEMIR\Downloads\TOR-POS-R75.1-Application-Namespace-Hotfix\TOR-POS-R75.1-Application-Namespace-Hotfix\Desktop\publish\win-x64\System.Security.Principal.dll
   Compressing: C:\Users\DEMIR\Downloads\TOR-POS-R75.1-Application-Namespace-Hotfix\TOR-POS-R75.1-Application-Namespace-Hotfix\Desktop\publish\win-x64\System.Security.Principal.Windows.dll
   Compressing: C:\Users\DEMIR\Downloads\TOR-POS-R75.1-Application-Namespace-Hotfix\TOR-POS-R75.1-Application-Namespace-Hotfix\Desktop\publish\win-x64\System.Security.SecureString.dll
   Compressing: C:\Users\DEMIR\Downloads\TOR-POS-R75.1-Application-Namespace-Hotfix\TOR-POS-R75.1-Application-Namespace-Hotfix\Desktop\publish\win-x64\System.ServiceModel.Web.dll
   Compressing: C:\Users\DEMIR\Downloads\TOR-POS-R75.1-Application-Namespace-Hotfix\TOR-POS-R75.1-Application-Namespace-Hotfix\Desktop\publish\win-x64\System.ServiceProcess.dll
   Compressing: C:\Users\DEMIR\Downloads\TOR-POS-R75.1-Application-Namespace-Hotfix\TOR-POS-R75.1-Application-Namespace-Hotfix\Desktop\publish\win-x64\System.Text.Encoding.CodePages.dll
   Compressing: C:\Users\DEMIR\Downloads\TOR-POS-R75.1-Application-Namespace-Hotfix\TOR-POS-R75.1-Application-Namespace-Hotfix\Desktop\publish\win-x64\System.Text.Encoding.dll
   Compressing: C:\Users\DEMIR\Downloads\TOR-POS-R75.1-Application-Namespace-Hotfix\TOR-POS-R75.1-Application-Namespace-Hotfix\Desktop\publish\win-x64\System.Text.Encoding.Extensions.dll
   Compressing: C:\Users\DEMIR\Downloads\TOR-POS-R75.1-Application-Namespace-Hotfix\TOR-POS-R75.1-Application-Namespace-Hotfix\Desktop\publish\win-x64\System.Text.Encodings.Web.dll
   Compressing: C:\Users\DEMIR\Downloads\TOR-POS-R75.1-Application-Namespace-Hotfix\TOR-POS-R75.1-Application-Namespace-Hotfix\Desktop\publish\win-x64\System.Text.Json.dll
   Compressing: C:\Users\DEMIR\Downloads\TOR-POS-R75.1-Application-Namespace-Hotfix\TOR-POS-R75.1-Application-Namespace-Hotfix\Desktop\publish\win-x64\System.Text.RegularExpressions.dll
   Compressing: C:\Users\DEMIR\Downloads\TOR-POS-R75.1-Application-Namespace-Hotfix\TOR-POS-R75.1-Application-Namespace-Hotfix\Desktop\publish\win-x64\System.Threading.AccessControl.dll
   Compressing: C:\Users\DEMIR\Downloads\TOR-POS-R75.1-Application-Namespace-Hotfix\TOR-POS-R75.1-Application-Namespace-Hotfix\Desktop\publish\win-x64\System.Threading.Channels.dll
   Compressing: C:\Users\DEMIR\Downloads\TOR-POS-R75.1-Application-Namespace-Hotfix\TOR-POS-R75.1-Application-Namespace-Hotfix\Desktop\publish\win-x64\System.Threading.dll
   Compressing: C:\Users\DEMIR\Downloads\TOR-POS-R75.1-Application-Namespace-Hotfix\TOR-POS-R75.1-Application-Namespace-Hotfix\Desktop\publish\win-x64\System.Threading.Overlapped.dll
   Compressing: C:\Users\DEMIR\Downloads\TOR-POS-R75.1-Application-Namespace-Hotfix\TOR-POS-R75.1-Application-Namespace-Hotfix\Desktop\publish\win-x64\System.Threading.Tasks.Dataflow.dll
   Compressing: C:\Users\DEMIR\Downloads\TOR-POS-R75.1-Application-Namespace-Hotfix\TOR-POS-R75.1-Application-Namespace-Hotfix\Desktop\publish\win-x64\System.Threading.Tasks.dll
   Compressing: C:\Users\DEMIR\Downloads\TOR-POS-R75.1-Application-Namespace-Hotfix\TOR-POS-R75.1-Application-Namespace-Hotfix\Desktop\publish\win-x64\System.Threading.Tasks.Extensions.dll
   Compressing: C:\Users\DEMIR\Downloads\TOR-POS-R75.1-Application-Namespace-Hotfix\TOR-POS-R75.1-Application-Namespace-Hotfix\Desktop\publish\win-x64\System.Threading.Tasks.Parallel.dll
   Compressing: C:\Users\DEMIR\Downloads\TOR-POS-R75.1-Application-Namespace-Hotfix\TOR-POS-R75.1-Application-Namespace-Hotfix\Desktop\publish\win-x64\System.Threading.Thread.dll
   Compressing: C:\Users\DEMIR\Downloads\TOR-POS-R75.1-Application-Namespace-Hotfix\TOR-POS-R75.1-Application-Namespace-Hotfix\Desktop\publish\win-x64\System.Threading.ThreadPool.dll
   Compressing: C:\Users\DEMIR\Downloads\TOR-POS-R75.1-Application-Namespace-Hotfix\TOR-POS-R75.1-Application-Namespace-Hotfix\Desktop\publish\win-x64\System.Threading.Timer.dll
   Compressing: C:\Users\DEMIR\Downloads\TOR-POS-R75.1-Application-Namespace-Hotfix\TOR-POS-R75.1-Application-Namespace-Hotfix\Desktop\publish\win-x64\System.Transactions.dll
   Compressing: C:\Users\DEMIR\Downloads\TOR-POS-R75.1-Application-Namespace-Hotfix\TOR-POS-R75.1-Application-Namespace-Hotfix\Desktop\publish\win-x64\System.Transactions.Local.dll
   Compressing: C:\Users\DEMIR\Downloads\TOR-POS-R75.1-Application-Namespace-Hotfix\TOR-POS-R75.1-Application-Namespace-Hotfix\Desktop\publish\win-x64\System.ValueTuple.dll
   Compressing: C:\Users\DEMIR\Downloads\TOR-POS-R75.1-Application-Namespace-Hotfix\TOR-POS-R75.1-Application-Namespace-Hotfix\Desktop\publish\win-x64\System.Web.dll
   Compressing: C:\Users\DEMIR\Downloads\TOR-POS-R75.1-Application-Namespace-Hotfix\TOR-POS-R75.1-Application-Namespace-Hotfix\Desktop\publish\win-x64\System.Web.HttpUtility.dll
   Compressing: C:\Users\DEMIR\Downloads\TOR-POS-R75.1-Application-Namespace-Hotfix\TOR-POS-R75.1-Application-Namespace-Hotfix\Desktop\publish\win-x64\System.Windows.dll
   Compressing: C:\Users\DEMIR\Downloads\TOR-POS-R75.1-Application-Namespace-Hotfix\TOR-POS-R75.1-Application-Namespace-Hotfix\Desktop\publish\win-x64\System.Xml.dll
   Compressing: C:\Users\DEMIR\Downloads\TOR-POS-R75.1-Application-Namespace-Hotfix\TOR-POS-R75.1-Application-Namespace-Hotfix\Desktop\publish\win-x64\System.Xml.Linq.dll
   Compressing: C:\Users\DEMIR\Downloads\TOR-POS-R75.1-Application-Namespace-Hotfix\TOR-POS-R75.1-Application-Namespace-Hotfix\Desktop\publish\win-x64\System.Xml.ReaderWriter.dll
   Compressing: C:\Users\DEMIR\Downloads\TOR-POS-R75.1-Application-Namespace-Hotfix\TOR-POS-R75.1-Application-Namespace-Hotfix\Desktop\publish\win-x64\System.Xml.Serialization.dll
   Compressing: C:\Users\DEMIR\Downloads\TOR-POS-R75.1-Application-Namespace-Hotfix\TOR-POS-R75.1-Application-Namespace-Hotfix\Desktop\publish\win-x64\System.Xml.XDocument.dll
   Compressing: C:\Users\DEMIR\Downloads\TOR-POS-R75.1-Application-Namespace-Hotfix\TOR-POS-R75.1-Application-Namespace-Hotfix\Desktop\publish\win-x64\System.Xml.XmlDocument.dll
   Compressing: C:\Users\DEMIR\Downloads\TOR-POS-R75.1-Application-Namespace-Hotfix\TOR-POS-R75.1-Application-Namespace-Hotfix\Desktop\publish\win-x64\System.Xml.XmlSerializer.dll
   Compressing: C:\Users\DEMIR\Downloads\TOR-POS-R75.1-Application-Namespace-Hotfix\TOR-POS-R75.1-Application-Namespace-Hotfix\Desktop\publish\win-x64\System.Xml.XPath.dll
   Compressing: C:\Users\DEMIR\Downloads\TOR-POS-R75.1-Application-Namespace-Hotfix\TOR-POS-R75.1-Application-Namespace-Hotfix\Desktop\publish\win-x64\System.Xml.XPath.XDocument.dll
   Compressing: C:\Users\DEMIR\Downloads\TOR-POS-R75.1-Application-Namespace-Hotfix\TOR-POS-R75.1-Application-Namespace-Hotfix\Desktop\publish\win-x64\Tmds.DBus.Protocol.dll
   Compressing: C:\Users\DEMIR\Downloads\TOR-POS-R75.1-Application-Namespace-Hotfix\TOR-POS-R75.1-Application-Namespace-Hotfix\Desktop\publish\win-x64\TorPos.App.deps.json
   Compressing: C:\Users\DEMIR\Downloads\TOR-POS-R75.1-Application-Namespace-Hotfix\TOR-POS-R75.1-Application-Namespace-Hotfix\Desktop\publish\win-x64\TorPos.App.dll
   Compressing: C:\Users\DEMIR\Downloads\TOR-POS-R75.1-Application-Namespace-Hotfix\TOR-POS-R75.1-Application-Namespace-Hotfix\Desktop\publish\win-x64\TorPos.App.exe
   Compressing: C:\Users\DEMIR\Downloads\TOR-POS-R75.1-Application-Namespace-Hotfix\TOR-POS-R75.1-Application-Namespace-Hotfix\Desktop\publish\win-x64\TorPos.App.runtimeconfig.json
   Compressing: C:\Users\DEMIR\Downloads\TOR-POS-R75.1-Application-Namespace-Hotfix\TOR-POS-R75.1-Application-Namespace-Hotfix\Desktop\publish\win-x64\TorPos.Application.dll
   Compressing: C:\Users\DEMIR\Downloads\TOR-POS-R75.1-Application-Namespace-Hotfix\TOR-POS-R75.1-Application-Namespace-Hotfix\Desktop\publish\win-x64\TorPos.Core.dll
   Compressing: C:\Users\DEMIR\Downloads\TOR-POS-R75.1-Application-Namespace-Hotfix\TOR-POS-R75.1-Application-Namespace-Hotfix\Desktop\publish\win-x64\TorPos.Infrastructure.dll
   Compressing: C:\Users\DEMIR\Downloads\TOR-POS-R75.1-Application-Namespace-Hotfix\TOR-POS-R75.1-Application-Namespace-Hotfix\Desktop\publish\win-x64\WindowsBase.dll
   Compressing: C:\Users\DEMIR\Downloads\TOR-POS-R75.1-Application-Namespace-Hotfix\TOR-POS-R75.1-Application-Namespace-Hotfix\Desktop\publish\win-x64\Assets\TorPos-Magnifier.png
   Compressing: C:\Users\DEMIR\Downloads\TOR-POS-R75.1-Application-Namespace-Hotfix\TOR-POS-R75.1-Application-Namespace-Hotfix\Desktop\publish\win-x64\Dokumentation\NUTZUNGSBEDINGUNGEN-DE.txt
   Compressing: C:\Users\DEMIR\Downloads\TOR-POS-R75.1-Application-Namespace-Hotfix\TOR-POS-R75.1-Application-Namespace-Hotfix\Desktop\publish\win-x64\Dokumentation\THIRD-PARTY-NOTICES.md
   Compressing: C:\Users\DEMIR\Downloads\TOR-POS-R75.1-Application-Namespace-Hotfix\TOR-POS-R75.1-Application-Namespace-Hotfix\Desktop\publish\win-x64\Dokumentation\VERFAHRENSDOKUMENTATION-TEMPLATE-DE.md
   Compressing Setup program executable
   Updating version info (Setup.exe)
   Updating manifest (Setup.exe)

Warning: The [Setup] section directive "PrivilegesRequired" is set to "admin" but per-user areas (userdesktop,userprograms) are used by the script. Regardless of the version of Windows, if the installation is running in administrative install mode then you should be careful about making any per-user area changes: such changes may not achieve what you are intending. See the "UsedUserAreasWarning" topic in help file for more information.

Successful compile (12,844 sec). Resulting Setup program filename is:
C:\Users\DEMIR\Downloads\TOR-POS-R75.1-Application-Namespace-Hotfix\TOR-POS-R75.1-Application-Namespace-Hotfix\Desktop\installer-output\TOR-POS-Pro-Setup.exe
