  TorPos.Core -> /workspace/scratch/3f62f417a8bf/r54/Desktop/src/TorPos.Core/bin/Debug/net10.0/TorPos.Core.dll
  TorPos.Infrastructure -> /workspace/scratch/3f62f417a8bf/r54/Desktop/src/TorPos.Infrastructure/bin/Debug/net10.0-windows/TorPos.Infrastructure.dll
/workspace/scratch/3f62f417a8bf/r54/Desktop/src/TorPos.App/Dialogs.cs(71,9): warning CS0618: 'TextBox.Watermark' is obsolete: 'Use PlaceholderText instead.' [/workspace/scratch/3f62f417a8bf/r54/Desktop/src/TorPos.App/TorPos.App.csproj]
/workspace/scratch/3f62f417a8bf/r54/Desktop/src/TorPos.App/FirstRunSetupWindow.cs(33,52): warning CS0618: 'TextBox.Watermark' is obsolete: 'Use PlaceholderText instead.' [/workspace/scratch/3f62f417a8bf/r54/Desktop/src/TorPos.App/TorPos.App.csproj]
/workspace/scratch/3f62f417a8bf/r54/Desktop/src/TorPos.App/ProductEditorWindow.cs(1405,9): warning CS0618: 'TextBox.Watermark' is obsolete: 'Use PlaceholderText instead.' [/workspace/scratch/3f62f417a8bf/r54/Desktop/src/TorPos.App/TorPos.App.csproj]
/workspace/scratch/3f62f417a8bf/r54/Desktop/src/TorPos.App/LoginWindow.axaml : Avalonia warning AVLN3001: XAML resource "avares://TorPos.App/LoginWindow.axaml" won't be reachable via runtime loader, as no public constructor was found [/workspace/scratch/3f62f417a8bf/r54/Desktop/src/TorPos.App/TorPos.App.csproj]
/workspace/scratch/3f62f417a8bf/r54/Desktop/src/TorPos.App/MainWindow.axaml : Avalonia warning AVLN3001: XAML resource "avares://TorPos.App/MainWindow.axaml" won't be reachable via runtime loader, as no public constructor was found [/workspace/scratch/3f62f417a8bf/r54/Desktop/src/TorPos.App/TorPos.App.csproj]
/workspace/scratch/3f62f417a8bf/r54/Desktop/src/TorPos.App/SettingsWindow.axaml : Avalonia warning AVLN3001: XAML resource "avares://TorPos.App/SettingsWindow.axaml" won't be reachable via runtime loader, as no public constructor was found [/workspace/scratch/3f62f417a8bf/r54/Desktop/src/TorPos.App/TorPos.App.csproj]
  TorPos.App -> /workspace/scratch/3f62f417a8bf/r54/Desktop/src/TorPos.App/bin/Debug/net10.0-windows/TorPos.App.dll
  TorPos.SafetyTests -> /workspace/scratch/3f62f417a8bf/r54/Desktop/tests/TorPos.SafetyTests/bin/Debug/net10.0-windows/TorPos.SafetyTests.dll

Build succeeded.

/workspace/scratch/3f62f417a8bf/r54/Desktop/src/TorPos.App/Dialogs.cs(71,9): warning CS0618: 'TextBox.Watermark' is obsolete: 'Use PlaceholderText instead.' [/workspace/scratch/3f62f417a8bf/r54/Desktop/src/TorPos.App/TorPos.App.csproj]
/workspace/scratch/3f62f417a8bf/r54/Desktop/src/TorPos.App/FirstRunSetupWindow.cs(33,52): warning CS0618: 'TextBox.Watermark' is obsolete: 'Use PlaceholderText instead.' [/workspace/scratch/3f62f417a8bf/r54/Desktop/src/TorPos.App/TorPos.App.csproj]
/workspace/scratch/3f62f417a8bf/r54/Desktop/src/TorPos.App/ProductEditorWindow.cs(1405,9): warning CS0618: 'TextBox.Watermark' is obsolete: 'Use PlaceholderText instead.' [/workspace/scratch/3f62f417a8bf/r54/Desktop/src/TorPos.App/TorPos.App.csproj]
/workspace/scratch/3f62f417a8bf/r54/Desktop/src/TorPos.App/LoginWindow.axaml : Avalonia warning AVLN3001: XAML resource "avares://TorPos.App/LoginWindow.axaml" won't be reachable via runtime loader, as no public constructor was found [/workspace/scratch/3f62f417a8bf/r54/Desktop/src/TorPos.App/TorPos.App.csproj]
/workspace/scratch/3f62f417a8bf/r54/Desktop/src/TorPos.App/MainWindow.axaml : Avalonia warning AVLN3001: XAML resource "avares://TorPos.App/MainWindow.axaml" won't be reachable via runtime loader, as no public constructor was found [/workspace/scratch/3f62f417a8bf/r54/Desktop/src/TorPos.App/TorPos.App.csproj]
/workspace/scratch/3f62f417a8bf/r54/Desktop/src/TorPos.App/SettingsWindow.axaml : Avalonia warning AVLN3001: XAML resource "avares://TorPos.App/SettingsWindow.axaml" won't be reachable via runtime loader, as no public constructor was found [/workspace/scratch/3f62f417a8bf/r54/Desktop/src/TorPos.App/TorPos.App.csproj]
    6 Warning(s)
    0 Error(s)

Time Elapsed 00:00:07.96
