
Welcome to .NET 10.0!
---------------------
SDK Version: 10.0.100

Telemetry
---------
The .NET tools collect usage data in order to help us improve your experience. It is collected by Microsoft and shared with the community. You can opt-out of telemetry by setting the DOTNET_CLI_TELEMETRY_OPTOUT environment variable to '1' or 'true' using your favorite shell.

Read more about .NET CLI Tools telemetry: https://aka.ms/dotnet-cli-telemetry

----------------
Installed an ASP.NET Core HTTPS development certificate.
To trust the certificate, run 'dotnet dev-certs https --trust'
Learn about HTTPS: https://aka.ms/dotnet-https

----------------
Write your first app: https://aka.ms/dotnet-hello-world
Find out what's new: https://aka.ms/dotnet-whats-new
Explore documentation: https://aka.ms/dotnet-docs
Report issues and find source on GitHub: https://github.com/dotnet/core
Use 'dotnet --help' to see available commands or visit: https://aka.ms/dotnet-cli
--------------------------------------------------------------------------------------
  Determining projects to restore...
  Restored /workspace/scratch/3f62f417a8bf/r34/src/TorPos.Core/TorPos.Core.csproj (in 87 ms).
  Restored /workspace/scratch/3f62f417a8bf/r34/src/TorPos.Infrastructure/TorPos.Infrastructure.csproj (in 1.03 min).
  Restored /workspace/scratch/3f62f417a8bf/r34/src/TorPos.App/TorPos.App.csproj (in 1.04 min).
  TorPos.Core -> /workspace/scratch/3f62f417a8bf/r34/src/TorPos.Core/bin/Release/net10.0/TorPos.Core.dll
/workspace/scratch/3f62f417a8bf/r34/src/TorPos.Infrastructure/BusinessManagementService.cs(362,33): warning CS8604: Possible null reference argument for parameter 'actor' in 'Task IAuditLog.WriteAsync(string actor, string eventType, string entityType, string entityId, string details, CancellationToken ct = default(CancellationToken))'. [/workspace/scratch/3f62f417a8bf/r34/src/TorPos.Infrastructure/TorPos.Infrastructure.csproj]
/workspace/scratch/3f62f417a8bf/r34/src/TorPos.Infrastructure/BusinessManagementService.cs(363,151): warning CS8604: Possible null reference argument for parameter 'FiscalStatus' in 'ZArchiveRow.ZArchiveRow(long Id, long ZNumber, DateTimeOffset CreatedAt, DateTimeOffset PeriodFrom, DateTimeOffset PeriodTo, string OperatorName, int ReceiptCount, long GrossCents, long CashCents, long CardCents, string FiscalStatus, string SnapshotText)'. [/workspace/scratch/3f62f417a8bf/r34/src/TorPos.Infrastructure/TorPos.Infrastructure.csproj]
  TorPos.Infrastructure -> /workspace/scratch/3f62f417a8bf/r34/src/TorPos.Infrastructure/bin/Release/net10.0-windows/TorPos.Infrastructure.dll
/workspace/scratch/3f62f417a8bf/r34/src/TorPos.App/Dialogs.cs(70,9): warning CS0618: 'TextBox.Watermark' is obsolete: 'Use PlaceholderText instead.' [/workspace/scratch/3f62f417a8bf/r34/src/TorPos.App/TorPos.App.csproj]
/workspace/scratch/3f62f417a8bf/r34/src/TorPos.App/FirstRunSetupWindow.cs(33,52): warning CS0618: 'TextBox.Watermark' is obsolete: 'Use PlaceholderText instead.' [/workspace/scratch/3f62f417a8bf/r34/src/TorPos.App/TorPos.App.csproj]
/workspace/scratch/3f62f417a8bf/r34/src/TorPos.App/ProductEditorWindow.cs(1058,9): warning CS0618: 'TextBox.Watermark' is obsolete: 'Use PlaceholderText instead.' [/workspace/scratch/3f62f417a8bf/r34/src/TorPos.App/TorPos.App.csproj]
/workspace/scratch/3f62f417a8bf/r34/src/TorPos.App/LoginWindow.axaml : Avalonia warning AVLN3001: XAML resource "avares://TorPos.App/LoginWindow.axaml" won't be reachable via runtime loader, as no public constructor was found [/workspace/scratch/3f62f417a8bf/r34/src/TorPos.App/TorPos.App.csproj]
/workspace/scratch/3f62f417a8bf/r34/src/TorPos.App/MainWindow.axaml : Avalonia warning AVLN3001: XAML resource "avares://TorPos.App/MainWindow.axaml" won't be reachable via runtime loader, as no public constructor was found [/workspace/scratch/3f62f417a8bf/r34/src/TorPos.App/TorPos.App.csproj]
/workspace/scratch/3f62f417a8bf/r34/src/TorPos.App/SettingsWindow.axaml : Avalonia warning AVLN3001: XAML resource "avares://TorPos.App/SettingsWindow.axaml" won't be reachable via runtime loader, as no public constructor was found [/workspace/scratch/3f62f417a8bf/r34/src/TorPos.App/TorPos.App.csproj]
  TorPos.App -> /workspace/scratch/3f62f417a8bf/r34/src/TorPos.App/bin/Release/net10.0-windows/TorPos.App.dll

Build succeeded.

/workspace/scratch/3f62f417a8bf/r34/src/TorPos.Infrastructure/BusinessManagementService.cs(362,33): warning CS8604: Possible null reference argument for parameter 'actor' in 'Task IAuditLog.WriteAsync(string actor, string eventType, string entityType, string entityId, string details, CancellationToken ct = default(CancellationToken))'. [/workspace/scratch/3f62f417a8bf/r34/src/TorPos.Infrastructure/TorPos.Infrastructure.csproj]
/workspace/scratch/3f62f417a8bf/r34/src/TorPos.Infrastructure/BusinessManagementService.cs(363,151): warning CS8604: Possible null reference argument for parameter 'FiscalStatus' in 'ZArchiveRow.ZArchiveRow(long Id, long ZNumber, DateTimeOffset CreatedAt, DateTimeOffset PeriodFrom, DateTimeOffset PeriodTo, string OperatorName, int ReceiptCount, long GrossCents, long CashCents, long CardCents, string FiscalStatus, string SnapshotText)'. [/workspace/scratch/3f62f417a8bf/r34/src/TorPos.Infrastructure/TorPos.Infrastructure.csproj]
/workspace/scratch/3f62f417a8bf/r34/src/TorPos.App/Dialogs.cs(70,9): warning CS0618: 'TextBox.Watermark' is obsolete: 'Use PlaceholderText instead.' [/workspace/scratch/3f62f417a8bf/r34/src/TorPos.App/TorPos.App.csproj]
/workspace/scratch/3f62f417a8bf/r34/src/TorPos.App/FirstRunSetupWindow.cs(33,52): warning CS0618: 'TextBox.Watermark' is obsolete: 'Use PlaceholderText instead.' [/workspace/scratch/3f62f417a8bf/r34/src/TorPos.App/TorPos.App.csproj]
/workspace/scratch/3f62f417a8bf/r34/src/TorPos.App/ProductEditorWindow.cs(1058,9): warning CS0618: 'TextBox.Watermark' is obsolete: 'Use PlaceholderText instead.' [/workspace/scratch/3f62f417a8bf/r34/src/TorPos.App/TorPos.App.csproj]
/workspace/scratch/3f62f417a8bf/r34/src/TorPos.App/LoginWindow.axaml : Avalonia warning AVLN3001: XAML resource "avares://TorPos.App/LoginWindow.axaml" won't be reachable via runtime loader, as no public constructor was found [/workspace/scratch/3f62f417a8bf/r34/src/TorPos.App/TorPos.App.csproj]
/workspace/scratch/3f62f417a8bf/r34/src/TorPos.App/MainWindow.axaml : Avalonia warning AVLN3001: XAML resource "avares://TorPos.App/MainWindow.axaml" won't be reachable via runtime loader, as no public constructor was found [/workspace/scratch/3f62f417a8bf/r34/src/TorPos.App/TorPos.App.csproj]
/workspace/scratch/3f62f417a8bf/r34/src/TorPos.App/SettingsWindow.axaml : Avalonia warning AVLN3001: XAML resource "avares://TorPos.App/SettingsWindow.axaml" won't be reachable via runtime loader, as no public constructor was found [/workspace/scratch/3f62f417a8bf/r34/src/TorPos.App/TorPos.App.csproj]
    8 Warning(s)
    0 Error(s)

Time Elapsed 00:01:14.00
