PASS: FULL synchronization
PASS: WAL enabled
PASS: Checkout snapshot is a deep copy
PASS: Locked cart rejects all mutation methods
PASS: Duplicate operation ID refused
PASS: Second unresolved checkout refused globally
PASS: Interrupted sent payment survives reopening
PASS: Second submission refused by expected state
PASS: Unknown payment cannot create a sale
PASS: Fiscal gate blocks real booking even after approval
PASS: Terminal service gate blocks before network request
PASS: Retry returns original sale without fiscal gate bypass for new sales
PASS: Retry does not insert a second sale
PASS: Recovery identifies committed operation
PASS: Same ID with altered cart is rejected
PASS: Cash booking also requires fiscal release
PASS: Database queue preserves admission order
PASS: Nested repository calls do not deadlock
PASS: Ordered recovery writes cannot resurrect a cleared cart
PASS: Corrupt recovery retained with durable lock marker
PASS: Weak replacement admin credentials refused
PASS: Queue returns IO failure
PASS: Queue continues after a failure
PASS: Printer timeout surfaces without waiting for native completion
PASS: Already queued job blocked after earlier timeout
PASS: No second native print call after timeout
PASS: Shutdown finishes while native print is still pending
PASS: Restart preserves unknown print state without replay
PASS: Unknown print job retained on disk
PASS: Explicit print review unlocks only subsequent requests
PASS: Simulation receipt contains discounted total and cash change
PASS: Simulation cannot impersonate a numbered fiscal receipt
PASS: Queued simulation receipt owns an independent cart snapshot
PASS: Card simulation has no cash tender or implied real payment
PASS: Underpaid test cash receipt refused
PASS: Archive includes both date boundaries across DST and sorts newest first
PASS: Archive filters cash receipts
PASS: Archive combines number and payment filters
PASS: Archive excludes receipt outside selected calendar day
PASS: Archive rejects reversed dates
PASS: Archive rejects invalid receipt number
PASS: Archive bounds results with one overflow sentinel
PASS: Archive searches leave historical sales intact
PASS: SumUp parses reader list without claiming online state
PASS: SumUp preserves offline state and last activity
PASS: SumUp pairing sent once and processing is not treated as confirmed
PASS: SumUp device test sends exactly EUR 1.00 once
PASS: SumUp device test terminate endpoint is called once
PASS: SumUp test flow calls only list, status, pair, checkout and terminate endpoints
PASS: SumUp refuses merchant path injection
PASS: SumUp refuses reader path injection
PASS: SumUp refuses test-checkout reader path injection
PASS: SumUp validates pairing-code length
PASS: SumUp error suppresses credential-echoing response body
PASS: SumUp errors do not retry prior write operations
PASS: SumUp connection honors cancellation
PASS: Cloud configuration stores protected token, not plaintext
PASS: Cloud refuses plaintext remote HTTP
PASS: Cloud refuses credentials in URL
PASS: Offline heartbeat queue stays bounded
PASS: Uncertain network test server accepted event before losing response
PASS: Lost acknowledgement retains event durably
PASS: Cannot reassign pending data to another Cloud target
PASS: Restart retries same event; duplicate acknowledgement clears local queue once
PASS: HTTP 200 without matching event acknowledgement cannot delete queue
PASS: Redirect response is rejected without forwarding credentials
PASS: Disabled sync retains events without network calls
PASS: Rolled-back sale transaction also rolls back Cloud event
PASS: Sale snapshot inserts exactly one durable event in caller transaction
PASS: Cloud integration cannot bypass fiscal sale gate or checkout journal
PASS: Automatic article number assigned
PASS: Automatic article numbers advance
PASS: Price/name edit preserves stock
PASS: Stale stock prevents entire product save
PASS: Audit failure rolls back article and stock
PASS: Failed stock save leaves no partial new article
PASS: Inventory audit failure rolls back count
PASS: Inventory retains original count after audit failure
PASS: Training starts at 001
PASS: Training counter survives reopening
PASS: Test and training counters separated
PASS: Counter resets on Berlin midnight
PASS: Simulation never consumes production counter
PASS: Reopening migration preserves assigned article number
ALL 84 CHECKS PASSED
