✔ login, demo data, receipt detail and tenant isolation (669.782586ms)
✔ consistent sale persists once; changed repeat is conflict (17.935454ms)
✔ R48 IMBISS pickup number is persisted and returned in receipt detail (11.170815ms)
✔ same event ID on a different register does not conflict (6.947013ms)
✔ invalid values and HTML payment types rejected; whole batch rolls back (16.004691ms)
✔ snapshots replace removed products and older snapshots cannot reverse stock (17.980482ms)
✔ R42 stock snapshot keeps barcode, SKU, category, price and unit (7.774505ms)
✔ R47 stock snapshot keeps Mindestbestand and Einkaufspreis (6.898866ms)
✔ R46 completed sale updates cloud stock once and duplicate does not double-decrement (17.211048ms)
✔ R49 combo stock consumption decrements components instead of visible menu article (12.006174ms)
✔ R46 delayed sale older than latest stock snapshot cannot decrement it again (12.401473ms)
✔ Berlin calendar and DST boundaries (17.613259ms)
✔ pagination reaches older receipts (73.983603ms)
✔ R48 update manifest and download endpoint (8.373201ms)
✔ R45 TOTP enrollment and challenge login (110.247695ms)
✔ credential and browser-origin protection (29.785123ms)
ℹ tests 16
ℹ suites 0
ℹ pass 16
ℹ fail 0
ℹ cancelled 0
ℹ skipped 0
ℹ todo 0
ℹ duration_ms 1190.25414
