  TorPos.Core -> /workspace/scratch/3f62f417a8bf/r52-fix/Desktop/src/TorPos.Core/bin/Debug/net10.0/TorPos.Core.dll
/workspace/scratch/3f62f417a8bf/r52-fix/Desktop/src/TorPos.Infrastructure/BusinessManagementService.cs(463,33): warning CS8604: Possible null reference argument for parameter 'actor' in 'Task IAuditLog.WriteAsync(string actor, string eventType, string entityType, string entityId, string details, CancellationToken ct = default(CancellationToken))'. [/workspace/scratch/3f62f417a8bf/r52-fix/Desktop/src/TorPos.Infrastructure/TorPos.Infrastructure.csproj]
/workspace/scratch/3f62f417a8bf/r52-fix/Desktop/src/TorPos.Infrastructure/BusinessManagementService.cs(464,151): warning CS8604: Possible null reference argument for parameter 'FiscalStatus' in 'ZArchiveRow.ZArchiveRow(long Id, long ZNumber, DateTimeOffset CreatedAt, DateTimeOffset PeriodFrom, DateTimeOffset PeriodTo, string OperatorName, int ReceiptCount, long GrossCents, long CashCents, long CardCents, string FiscalStatus, string SnapshotText)'. [/workspace/scratch/3f62f417a8bf/r52-fix/Desktop/src/TorPos.Infrastructure/TorPos.Infrastructure.csproj]
  TorPos.Infrastructure -> /workspace/scratch/3f62f417a8bf/r52-fix/Desktop/src/TorPos.Infrastructure/bin/Debug/net10.0-windows/TorPos.Infrastructure.dll
/workspace/scratch/3f62f417a8bf/r52-fix/Desktop/src/TorPos.App/Dialogs.cs(71,9): warning CS0618: 'TextBox.Watermark' is obsolete: 'Use PlaceholderText instead.' [/workspace/scratch/3f62f417a8bf/r52-fix/Desktop/src/TorPos.App/TorPos.App.csproj]
/workspace/scratch/3f62f417a8bf/r52-fix/Desktop/src/TorPos.App/FirstRunSetupWindow.cs(33,52): warning CS0618: 'TextBox.Watermark' is obsolete: 'Use PlaceholderText instead.' [/workspace/scratch/3f62f417a8bf/r52-fix/Desktop/src/TorPos.App/TorPos.App.csproj]
/workspace/scratch/3f62f417a8bf/r52-fix/Desktop/src/TorPos.App/ProductEditorWindow.cs(1405,9): warning CS0618: 'TextBox.Watermark' is obsolete: 'Use PlaceholderText instead.' [/workspace/scratch/3f62f417a8bf/r52-fix/Desktop/src/TorPos.App/TorPos.App.csproj]
/workspace/scratch/3f62f417a8bf/r52-fix/Desktop/src/TorPos.App/LoginWindow.axaml : Avalonia warning AVLN3001: XAML resource "avares://TorPos.App/LoginWindow.axaml" won't be reachable via runtime loader, as no public constructor was found [/workspace/scratch/3f62f417a8bf/r52-fix/Desktop/src/TorPos.App/TorPos.App.csproj]
/workspace/scratch/3f62f417a8bf/r52-fix/Desktop/src/TorPos.App/MainWindow.axaml : Avalonia warning AVLN3001: XAML resource "avares://TorPos.App/MainWindow.axaml" won't be reachable via runtime loader, as no public constructor was found [/workspace/scratch/3f62f417a8bf/r52-fix/Desktop/src/TorPos.App/TorPos.App.csproj]
/workspace/scratch/3f62f417a8bf/r52-fix/Desktop/src/TorPos.App/SettingsWindow.axaml : Avalonia warning AVLN3001: XAML resource "avares://TorPos.App/SettingsWindow.axaml" won't be reachable via runtime loader, as no public constructor was found [/workspace/scratch/3f62f417a8bf/r52-fix/Desktop/src/TorPos.App/TorPos.App.csproj]
  TorPos.App -> /workspace/scratch/3f62f417a8bf/r52-fix/Desktop/src/TorPos.App/bin/Debug/net10.0-windows/TorPos.App.dll
  TorPos.SafetyTests -> /workspace/scratch/3f62f417a8bf/r52-fix/Desktop/tests/TorPos.SafetyTests/bin/Debug/net10.0-windows/TorPos.SafetyTests.dll

Build succeeded.

/workspace/scratch/3f62f417a8bf/r52-fix/Desktop/src/TorPos.Infrastructure/BusinessManagementService.cs(463,33): warning CS8604: Possible null reference argument for parameter 'actor' in 'Task IAuditLog.WriteAsync(string actor, string eventType, string entityType, string entityId, string details, CancellationToken ct = default(CancellationToken))'. [/workspace/scratch/3f62f417a8bf/r52-fix/Desktop/src/TorPos.Infrastructure/TorPos.Infrastructure.csproj]
/workspace/scratch/3f62f417a8bf/r52-fix/Desktop/src/TorPos.Infrastructure/BusinessManagementService.cs(464,151): warning CS8604: Possible null reference argument for parameter 'FiscalStatus' in 'ZArchiveRow.ZArchiveRow(long Id, long ZNumber, DateTimeOffset CreatedAt, DateTimeOffset PeriodFrom, DateTimeOffset PeriodTo, string OperatorName, int ReceiptCount, long GrossCents, long CashCents, long CardCents, string FiscalStatus, string SnapshotText)'. [/workspace/scratch/3f62f417a8bf/r52-fix/Desktop/src/TorPos.Infrastructure/TorPos.Infrastructure.csproj]
/workspace/scratch/3f62f417a8bf/r52-fix/Desktop/src/TorPos.App/Dialogs.cs(71,9): warning CS0618: 'TextBox.Watermark' is obsolete: 'Use PlaceholderText instead.' [/workspace/scratch/3f62f417a8bf/r52-fix/Desktop/src/TorPos.App/TorPos.App.csproj]
/workspace/scratch/3f62f417a8bf/r52-fix/Desktop/src/TorPos.App/FirstRunSetupWindow.cs(33,52): warning CS0618: 'TextBox.Watermark' is obsolete: 'Use PlaceholderText instead.' [/workspace/scratch/3f62f417a8bf/r52-fix/Desktop/src/TorPos.App/TorPos.App.csproj]
/workspace/scratch/3f62f417a8bf/r52-fix/Desktop/src/TorPos.App/ProductEditorWindow.cs(1405,9): warning CS0618: 'TextBox.Watermark' is obsolete: 'Use PlaceholderText instead.' [/workspace/scratch/3f62f417a8bf/r52-fix/Desktop/src/TorPos.App/TorPos.App.csproj]
/workspace/scratch/3f62f417a8bf/r52-fix/Desktop/src/TorPos.App/LoginWindow.axaml : Avalonia warning AVLN3001: XAML resource "avares://TorPos.App/LoginWindow.axaml" won't be reachable via runtime loader, as no public constructor was found [/workspace/scratch/3f62f417a8bf/r52-fix/Desktop/src/TorPos.App/TorPos.App.csproj]
/workspace/scratch/3f62f417a8bf/r52-fix/Desktop/src/TorPos.App/MainWindow.axaml : Avalonia warning AVLN3001: XAML resource "avares://TorPos.App/MainWindow.axaml" won't be reachable via runtime loader, as no public constructor was found [/workspace/scratch/3f62f417a8bf/r52-fix/Desktop/src/TorPos.App/TorPos.App.csproj]
/workspace/scratch/3f62f417a8bf/r52-fix/Desktop/src/TorPos.App/SettingsWindow.axaml : Avalonia warning AVLN3001: XAML resource "avares://TorPos.App/SettingsWindow.axaml" won't be reachable via runtime loader, as no public constructor was found [/workspace/scratch/3f62f417a8bf/r52-fix/Desktop/src/TorPos.App/TorPos.App.csproj]
    8 Warning(s)
    0 Error(s)

Time Elapsed 00:00:11.44
